Analysis & Synthesis report for pbl
Tue Nov 28 08:30:26 2017
Quartus II Version 9.0 Build 132 02/25/2009 SJ Full Version


---------------------
; Table of Contents ;
---------------------
  1. Legal Notice
  2. Analysis & Synthesis Summary
  3. Analysis & Synthesis Settings
  4. Analysis & Synthesis Source Files Read
  5. Analysis & Synthesis Resource Usage Summary
  6. Analysis & Synthesis Resource Utilization by Entity
  7. Analysis & Synthesis RAM Summary
  8. Registers Removed During Synthesis
  9. General Register Statistics
 10. Inverted Register Statistics
 11. Parameter Settings for User Entity Instance: clock:inst2|74163:inst2
 12. Parameter Settings for User Entity Instance: clock:inst2|74163:inst3
 13. Parameter Settings for User Entity Instance: clock:inst2|74163:inst1
 14. Parameter Settings for User Entity Instance: clock:inst2|74163:inst
 15. Parameter Settings for User Entity Instance: clock:inst2|74163:inst8
 16. Parameter Settings for User Entity Instance: clock:inst2|74163:inst7
 17. Parameter Settings for User Entity Instance: clock:inst2|74163:inst4
 18. Parameter Settings for User Entity Instance: modulo_seletor:inst10|modulo_comparador:inst|comparador:T2|7485:C2
 19. Parameter Settings for User Entity Instance: modulo_seletor:inst10|modulo_comparador:inst|comparador:T2|7485:C1
 20. Parameter Settings for User Entity Instance: modulo_seletor:inst10|modulo_comparador:inst|comparador:T1|7485:C2
 21. Parameter Settings for User Entity Instance: modulo_seletor:inst10|modulo_comparador:inst|comparador:T1|7485:C1
 22. Parameter Settings for User Entity Instance: modulo_seletor:inst10|modulo_comparador:inst|comparador:T3|7485:C2
 23. Parameter Settings for User Entity Instance: modulo_seletor:inst10|modulo_comparador:inst|comparador:T3|7485:C1
 24. Parameter Settings for User Entity Instance: matriz:inst12|lpm_rom3:linha|lpm_rom:lpm_rom_component
 25. Parameter Settings for User Entity Instance: matriz:inst12|74163:c
 26. Parameter Settings for User Entity Instance: matriz:inst12|lpm_rom0:letra_c|lpm_rom:lpm_rom_component
 27. Parameter Settings for User Entity Instance: matriz:inst12|lpm_rom1:letra_a|lpm_rom:lpm_rom_component
 28. Parameter Settings for User Entity Instance: matriz:inst12|lpm_rom2:letra_b|lpm_rom:lpm_rom_component
 29. Analysis & Synthesis Messages



----------------
; Legal Notice ;
----------------
Copyright (C) 1991-2009 Altera Corporation
Your use of Altera Corporation's design tools, logic functions 
and other software and tools, and its AMPP partner logic 
functions, and any output files from any of the foregoing 
(including device programming or simulation files), and any 
associated documentation or information are expressly subject 
to the terms and conditions of the Altera Program License 
Subscription Agreement, Altera MegaCore Function License 
Agreement, or other applicable license agreement, including, 
without limitation, that your use is for the sole purpose of 
programming logic devices manufactured by Altera and sold by 
Altera or its authorized distributors.  Please refer to the 
applicable agreement for further details.



+------------------------------------------------------------------------+
; Analysis & Synthesis Summary                                           ;
+-----------------------------+------------------------------------------+
; Analysis & Synthesis Status ; Successful - Tue Nov 28 08:30:26 2017    ;
; Quartus II Version          ; 9.0 Build 132 02/25/2009 SJ Full Version ;
; Revision Name               ; pbl                                      ;
; Top-level Entity Name       ; pbl                                      ;
; Family                      ; ACEX1K                                   ;
; Total logic elements        ; 310                                      ;
; Total pins                  ; 30                                       ;
; Total memory bits           ; 176                                      ;
; Total PLLs                  ; 0                                        ;
+-----------------------------+------------------------------------------+


+-------------------------------------------------------------------------------------------------+
; Analysis & Synthesis Settings                                                                   ;
+----------------------------------------------------------------+----------------+---------------+
; Option                                                         ; Setting        ; Default Value ;
+----------------------------------------------------------------+----------------+---------------+
; Device                                                         ; EP1K100QC208-3 ;               ;
; Top-level entity name                                          ; pbl            ; pbl           ;
; Family name                                                    ; ACEX1K         ; Stratix II    ;
; Use Generated Physical Constraints File                        ; Off            ;               ;
; Use smart compilation                                          ; Off            ; Off           ;
; Create Debugging Nodes for IP Cores                            ; Off            ; Off           ;
; Preserve fewer node names                                      ; On             ; On            ;
; Disable OpenCore Plus hardware evaluation                      ; Off            ; Off           ;
; Verilog Version                                                ; Verilog_2001   ; Verilog_2001  ;
; VHDL Version                                                   ; VHDL93         ; VHDL93        ;
; State Machine Processing                                       ; Auto           ; Auto          ;
; Safe State Machine                                             ; Off            ; Off           ;
; Extract Verilog State Machines                                 ; On             ; On            ;
; Extract VHDL State Machines                                    ; On             ; On            ;
; Ignore Verilog initial constructs                              ; Off            ; Off           ;
; Iteration limit for constant Verilog loops                     ; 5000           ; 5000          ;
; Iteration limit for non-constant Verilog loops                 ; 250            ; 250           ;
; Add Pass-Through Logic to Inferred RAMs                        ; On             ; On            ;
; Parallel Synthesis                                             ; Off            ; Off           ;
; NOT Gate Push-Back                                             ; On             ; On            ;
; Power-Up Don't Care                                            ; On             ; On            ;
; Remove Redundant Logic Cells                                   ; Off            ; Off           ;
; Remove Duplicate Registers                                     ; On             ; On            ;
; Ignore CARRY Buffers                                           ; Off            ; Off           ;
; Ignore CASCADE Buffers                                         ; Off            ; Off           ;
; Ignore GLOBAL Buffers                                          ; Off            ; Off           ;
; Ignore ROW GLOBAL Buffers                                      ; Off            ; Off           ;
; Ignore LCELL Buffers                                           ; Off            ; Off           ;
; Ignore SOFT Buffers                                            ; On             ; On            ;
; Limit AHDL Integers to 32 Bits                                 ; Off            ; Off           ;
; Auto Implement in ROM                                          ; Off            ; Off           ;
; Optimization Technique                                         ; Area           ; Area          ;
; Carry Chain Length                                             ; 32             ; 32            ;
; Cascade Chain Length                                           ; 2              ; 2             ;
; Auto Carry Chains                                              ; On             ; On            ;
; Auto Open-Drain Pins                                           ; On             ; On            ;
; Auto ROM Replacement                                           ; On             ; On            ;
; Auto RAM Replacement                                           ; On             ; On            ;
; Auto Clock Enable Replacement                                  ; On             ; On            ;
; Strict RAM Replacement                                         ; Off            ; Off           ;
; Auto Resource Sharing                                          ; Off            ; Off           ;
; Allow Any RAM Size For Recognition                             ; Off            ; Off           ;
; Allow Any ROM Size For Recognition                             ; Off            ; Off           ;
; Use LogicLock Constraints during Resource Balancing            ; On             ; On            ;
; Ignore translate_off and synthesis_off directives              ; Off            ; Off           ;
; Show Parameter Settings Tables in Synthesis Report             ; On             ; On            ;
; HDL message level                                              ; Level2         ; Level2        ;
; Suppress Register Optimization Related Messages                ; Off            ; Off           ;
; Number of Removed Registers Reported in Synthesis Report       ; 100            ; 100           ;
; Number of Inverted Registers Reported in Synthesis Report      ; 100            ; 100           ;
; Block Design Naming                                            ; Auto           ; Auto          ;
; Synthesis Effort                                               ; Auto           ; Auto          ;
; Allows Asynchronous Clear Usage For Shift Register Replacement ; On             ; On            ;
; Analysis & Synthesis Message Level                             ; Medium         ; Medium        ;
+----------------------------------------------------------------+----------------+---------------+


+---------------------------------------------------------------------------------------------------------------------------------------------------------+
; Analysis & Synthesis Source Files Read                                                                                                                  ;
+----------------------------------+-----------------+------------------------------------+---------------------------------------------------------------+
; File Name with User-Entered Path ; Used in Netlist ; File Type                          ; File Name with Absolute Path                                  ;
+----------------------------------+-----------------+------------------------------------+---------------------------------------------------------------+
; contador_33.bdf                  ; yes             ; User Block Diagram/Schematic File  ; /home/aluno/Downloads/pbl/contador_33.bdf                     ;
; contador_99.bdf                  ; yes             ; User Block Diagram/Schematic File  ; /home/aluno/Downloads/pbl/contador_99.bdf                     ;
; pbl.bdf                          ; yes             ; User Block Diagram/Schematic File  ; /home/aluno/Downloads/pbl/pbl.bdf                             ;
; debounce.bdf                     ; yes             ; User Block Diagram/Schematic File  ; /home/aluno/Downloads/pbl/debounce.bdf                        ;
; modulo_debounce.bdf              ; yes             ; User Block Diagram/Schematic File  ; /home/aluno/Downloads/pbl/modulo_debounce.bdf                 ;
; modulo_contador.bdf              ; yes             ; User Block Diagram/Schematic File  ; /home/aluno/Downloads/pbl/modulo_contador.bdf                 ;
; modulo_comparador.bdf            ; yes             ; User Block Diagram/Schematic File  ; /home/aluno/Downloads/pbl/modulo_comparador.bdf               ;
; matriz.bdf                       ; yes             ; User Block Diagram/Schematic File  ; /home/aluno/Downloads/pbl/matriz.bdf                          ;
; lpm_rom0.v                       ; yes             ; User Wizard-Generated File         ; /home/aluno/Downloads/pbl/lpm_rom0.v                          ;
; lpm_rom1.v                       ; yes             ; User Wizard-Generated File         ; /home/aluno/Downloads/pbl/lpm_rom1.v                          ;
; lpm_rom2.v                       ; yes             ; User Wizard-Generated File         ; /home/aluno/Downloads/pbl/lpm_rom2.v                          ;
; lpm_rom3.v                       ; yes             ; User Wizard-Generated File         ; /home/aluno/Downloads/pbl/lpm_rom3.v                          ;
; comparador.bdf                   ; yes             ; User Block Diagram/Schematic File  ; /home/aluno/Downloads/pbl/comparador.bdf                      ;
; multiplexador_2.bdf              ; yes             ; User Block Diagram/Schematic File  ; /home/aluno/Downloads/pbl/multiplexador_2.bdf                 ;
; seletor.bdf                      ; yes             ; User Block Diagram/Schematic File  ; /home/aluno/Downloads/pbl/seletor.bdf                         ;
; multiplexador_8.bdf              ; yes             ; User Block Diagram/Schematic File  ; /home/aluno/Downloads/pbl/multiplexador_8.bdf                 ;
; modulo_seletor.bdf               ; yes             ; User Block Diagram/Schematic File  ; /home/aluno/Downloads/pbl/modulo_seletor.bdf                  ;
; registrador_6.bdf                ; yes             ; User Block Diagram/Schematic File  ; /home/aluno/Downloads/pbl/registrador_6.bdf                   ;
; registrador_8.bdf                ; yes             ; User Block Diagram/Schematic File  ; /home/aluno/Downloads/pbl/registrador_8.bdf                   ;
; clock.bdf                        ; yes             ; User Block Diagram/Schematic File  ; /home/aluno/Downloads/pbl/clock.bdf                           ;
; demultiplexador_8.bdf            ; yes             ; User Block Diagram/Schematic File  ; /home/aluno/Downloads/pbl/demultiplexador_8.bdf               ;
; display.bdf                      ; yes             ; User Block Diagram/Schematic File  ; /home/aluno/Downloads/pbl/display.bdf                         ;
; multiplexador_5.bdf              ; yes             ; User Block Diagram/Schematic File  ; /home/aluno/Downloads/pbl/multiplexador_5.bdf                 ;
; 7447.bdf                         ; yes             ; Megafunction                       ; /opt/altera9.0/quartus/libraries/others/maxplus2/7447.bdf     ;
; 74157.bdf                        ; yes             ; Megafunction                       ; /opt/altera9.0/quartus/libraries/others/maxplus2/74157.bdf    ;
; 74163.tdf                        ; yes             ; Megafunction                       ; /opt/altera9.0/quartus/libraries/others/maxplus2/74163.tdf    ;
; aglobal.inc                      ; yes             ; Megafunction                       ; /opt/altera9.0/quartus/libraries/megafunctions/aglobal.inc    ;
; f74163.bdf                       ; yes             ; Megafunction                       ; /opt/altera9.0/quartus/libraries/others/maxplus2/f74163.bdf   ;
; 74192.bdf                        ; yes             ; Megafunction                       ; /opt/altera9.0/quartus/libraries/others/maxplus2/74192.bdf    ;
; 7485.tdf                         ; yes             ; Megafunction                       ; /opt/altera9.0/quartus/libraries/others/maxplus2/7485.tdf     ;
; f7485.bdf                        ; yes             ; Megafunction                       ; /opt/altera9.0/quartus/libraries/others/maxplus2/f7485.bdf    ;
; lpm_rom.tdf                      ; yes             ; Megafunction                       ; /opt/altera9.0/quartus/libraries/megafunctions/lpm_rom.tdf    ;
; altrom.inc                       ; yes             ; Megafunction                       ; /opt/altera9.0/quartus/libraries/megafunctions/altrom.inc     ;
; aglobal90.inc                    ; yes             ; Megafunction                       ; /opt/altera9.0/quartus/libraries/megafunctions/aglobal90.inc  ;
; altrom.tdf                       ; yes             ; Megafunction                       ; /opt/altera9.0/quartus/libraries/megafunctions/altrom.tdf     ;
; memmodes.inc                     ; yes             ; Megafunction                       ; /opt/altera9.0/quartus/libraries/others/maxplus2/memmodes.inc ;
; lpm_decode.inc                   ; yes             ; Megafunction                       ; /opt/altera9.0/quartus/libraries/megafunctions/lpm_decode.inc ;
; lpm_mux.inc                      ; yes             ; Megafunction                       ; /opt/altera9.0/quartus/libraries/megafunctions/lpm_mux.inc    ;
; altqpram.inc                     ; yes             ; Megafunction                       ; /opt/altera9.0/quartus/libraries/megafunctions/altqpram.inc   ;
; altsyncram.inc                   ; yes             ; Megafunction                       ; /opt/altera9.0/quartus/libraries/megafunctions/altsyncram.inc ;
+----------------------------------+-----------------+------------------------------------+---------------------------------------------------------------+


+----------------------------------------------------------------------------+
; Analysis & Synthesis Resource Usage Summary                                ;
+-----------------------------------+----------------------------------------+
; Resource                          ; Usage                                  ;
+-----------------------------------+----------------------------------------+
; Total logic elements              ; 310                                    ;
; Total combinational functions     ; 266                                    ;
;     -- Total 4-input functions    ; 107                                    ;
;     -- Total 3-input functions    ; 57                                     ;
;     -- Total 2-input functions    ; 28                                     ;
;     -- Total 1-input functions    ; 62                                     ;
;     -- Total 0-input functions    ; 12                                     ;
; Total registers                   ; 133                                    ;
; Total logic cells in carry chains ; 29                                     ;
; I/O pins                          ; 30                                     ;
; Total memory bits                 ; 176                                    ;
; Maximum fan-out node              ; clock:inst2|74163:inst4|f74163:sub|134 ;
; Maximum fan-out                   ; 45                                     ;
; Total fan-out                     ; 1068                                   ;
; Average fan-out                   ; 2.95                                   ;
+-----------------------------------+----------------------------------------+


+--------------------------------------------------------------------------------------------------------------------------------------------------------------------------------------------------------------------------------------------------------------------------------+
; Analysis & Synthesis Resource Utilization by Entity                                                                                                                                                                                                                            ;
+--------------------------------------+-------------+--------------+-------------+------+--------------+-------------------+------------------+-----------------+------------+-----------------------------------------------------------------------------------+--------------+
; Compilation Hierarchy Node           ; Logic Cells ; LC Registers ; Memory Bits ; Pins ; LUT-Only LCs ; Register-Only LCs ; LUT/Register LCs ; Carry Chain LCs ; Packed LCs ; Full Hierarchy Name                                                               ; Library Name ;
+--------------------------------------+-------------+--------------+-------------+------+--------------+-------------------+------------------+-----------------+------------+-----------------------------------------------------------------------------------+--------------+
; |pbl                                 ; 310 (0)     ; 133          ; 176         ; 30   ; 177 (0)      ; 44 (0)            ; 89 (0)           ; 29 (0)          ; 0 (0)      ; |pbl                                                                              ; work         ;
;    |clock:inst2|                     ; 26 (0)      ; 25           ; 0           ; 0    ; 1 (0)        ; 0 (0)             ; 25 (0)           ; 26 (0)          ; 0 (0)      ; |pbl|clock:inst2                                                                  ; work         ;
;       |74163:inst1|                  ; 4 (0)       ; 4            ; 0           ; 0    ; 0 (0)        ; 0 (0)             ; 4 (0)            ; 4 (0)           ; 0 (0)      ; |pbl|clock:inst2|74163:inst1                                                      ; work         ;
;          |f74163:sub|                ; 4 (4)       ; 4            ; 0           ; 0    ; 0 (0)        ; 0 (0)             ; 4 (4)            ; 4 (4)           ; 0 (0)      ; |pbl|clock:inst2|74163:inst1|f74163:sub                                           ; work         ;
;       |74163:inst2|                  ; 4 (0)       ; 4            ; 0           ; 0    ; 0 (0)        ; 0 (0)             ; 4 (0)            ; 4 (0)           ; 0 (0)      ; |pbl|clock:inst2|74163:inst2                                                      ; work         ;
;          |f74163:sub|                ; 4 (4)       ; 4            ; 0           ; 0    ; 0 (0)        ; 0 (0)             ; 4 (4)            ; 4 (4)           ; 0 (0)      ; |pbl|clock:inst2|74163:inst2|f74163:sub                                           ; work         ;
;       |74163:inst3|                  ; 4 (0)       ; 4            ; 0           ; 0    ; 0 (0)        ; 0 (0)             ; 4 (0)            ; 4 (0)           ; 0 (0)      ; |pbl|clock:inst2|74163:inst3                                                      ; work         ;
;          |f74163:sub|                ; 4 (4)       ; 4            ; 0           ; 0    ; 0 (0)        ; 0 (0)             ; 4 (4)            ; 4 (4)           ; 0 (0)      ; |pbl|clock:inst2|74163:inst3|f74163:sub                                           ; work         ;
;       |74163:inst4|                  ; 4 (0)       ; 3            ; 0           ; 0    ; 1 (0)        ; 0 (0)             ; 3 (0)            ; 4 (0)           ; 0 (0)      ; |pbl|clock:inst2|74163:inst4                                                      ; work         ;
;          |f74163:sub|                ; 4 (4)       ; 3            ; 0           ; 0    ; 1 (1)        ; 0 (0)             ; 3 (3)            ; 4 (4)           ; 0 (0)      ; |pbl|clock:inst2|74163:inst4|f74163:sub                                           ; work         ;
;       |74163:inst7|                  ; 4 (0)       ; 4            ; 0           ; 0    ; 0 (0)        ; 0 (0)             ; 4 (0)            ; 4 (0)           ; 0 (0)      ; |pbl|clock:inst2|74163:inst7                                                      ; work         ;
;          |f74163:sub|                ; 4 (4)       ; 4            ; 0           ; 0    ; 0 (0)        ; 0 (0)             ; 4 (4)            ; 4 (4)           ; 0 (0)      ; |pbl|clock:inst2|74163:inst7|f74163:sub                                           ; work         ;
;       |74163:inst8|                  ; 2 (0)       ; 2            ; 0           ; 0    ; 0 (0)        ; 0 (0)             ; 2 (0)            ; 2 (0)           ; 0 (0)      ; |pbl|clock:inst2|74163:inst8                                                      ; work         ;
;          |f74163:sub|                ; 2 (2)       ; 2            ; 0           ; 0    ; 0 (0)        ; 0 (0)             ; 2 (2)            ; 2 (2)           ; 0 (0)      ; |pbl|clock:inst2|74163:inst8|f74163:sub                                           ; work         ;
;       |74163:inst|                   ; 4 (0)       ; 4            ; 0           ; 0    ; 0 (0)        ; 0 (0)             ; 4 (0)            ; 4 (0)           ; 0 (0)      ; |pbl|clock:inst2|74163:inst                                                       ; work         ;
;          |f74163:sub|                ; 4 (4)       ; 4            ; 0           ; 0    ; 0 (0)        ; 0 (0)             ; 4 (4)            ; 4 (4)           ; 0 (0)      ; |pbl|clock:inst2|74163:inst|f74163:sub                                            ; work         ;
;    |display:inst1|                   ; 29 (6)      ; 2            ; 0           ; 0    ; 27 (4)       ; 0 (0)             ; 2 (2)            ; 0 (0)           ; 0 (0)      ; |pbl|display:inst1                                                                ; work         ;
;       |74157:inst3|                  ; 8 (8)       ; 0            ; 0           ; 0    ; 8 (8)        ; 0 (0)             ; 0 (0)            ; 0 (0)           ; 0 (0)      ; |pbl|display:inst1|74157:inst3                                                    ; work         ;
;       |74157:inst5|                  ; 8 (8)       ; 0            ; 0           ; 0    ; 8 (8)        ; 0 (0)             ; 0 (0)            ; 0 (0)           ; 0 (0)      ; |pbl|display:inst1|74157:inst5                                                    ; work         ;
;       |7447:inst2|                   ; 7 (7)       ; 0            ; 0           ; 0    ; 7 (7)        ; 0 (0)             ; 0 (0)            ; 0 (0)           ; 0 (0)      ; |pbl|display:inst1|7447:inst2                                                     ; work         ;
;    |matriz:inst12|                   ; 14 (0)      ; 2            ; 176         ; 0    ; 12 (0)       ; 0 (0)             ; 2 (0)            ; 3 (0)           ; 0 (0)      ; |pbl|matriz:inst12                                                                ; work         ;
;       |74163:c|                      ; 4 (0)       ; 2            ; 0           ; 0    ; 2 (0)        ; 0 (0)             ; 2 (0)            ; 3 (0)           ; 0 (0)      ; |pbl|matriz:inst12|74163:c                                                        ; work         ;
;          |f74163:sub|                ; 4 (4)       ; 2            ; 0           ; 0    ; 2 (2)        ; 0 (0)             ; 2 (2)            ; 3 (3)           ; 0 (0)      ; |pbl|matriz:inst12|74163:c|f74163:sub                                             ; work         ;
;       |lpm_rom0:letra_c|             ; 0 (0)       ; 0            ; 40          ; 0    ; 0 (0)        ; 0 (0)             ; 0 (0)            ; 0 (0)           ; 0 (0)      ; |pbl|matriz:inst12|lpm_rom0:letra_c                                               ; work         ;
;          |lpm_rom:lpm_rom_component| ; 0 (0)       ; 0            ; 40          ; 0    ; 0 (0)        ; 0 (0)             ; 0 (0)            ; 0 (0)           ; 0 (0)      ; |pbl|matriz:inst12|lpm_rom0:letra_c|lpm_rom:lpm_rom_component                     ; work         ;
;             |altrom:srom|            ; 0 (0)       ; 0            ; 40          ; 0    ; 0 (0)        ; 0 (0)             ; 0 (0)            ; 0 (0)           ; 0 (0)      ; |pbl|matriz:inst12|lpm_rom0:letra_c|lpm_rom:lpm_rom_component|altrom:srom         ; work         ;
;       |lpm_rom1:letra_a|             ; 0 (0)       ; 0            ; 40          ; 0    ; 0 (0)        ; 0 (0)             ; 0 (0)            ; 0 (0)           ; 0 (0)      ; |pbl|matriz:inst12|lpm_rom1:letra_a                                               ; work         ;
;          |lpm_rom:lpm_rom_component| ; 0 (0)       ; 0            ; 40          ; 0    ; 0 (0)        ; 0 (0)             ; 0 (0)            ; 0 (0)           ; 0 (0)      ; |pbl|matriz:inst12|lpm_rom1:letra_a|lpm_rom:lpm_rom_component                     ; work         ;
;             |altrom:srom|            ; 0 (0)       ; 0            ; 40          ; 0    ; 0 (0)        ; 0 (0)             ; 0 (0)            ; 0 (0)           ; 0 (0)      ; |pbl|matriz:inst12|lpm_rom1:letra_a|lpm_rom:lpm_rom_component|altrom:srom         ; work         ;
;       |lpm_rom2:letra_b|             ; 0 (0)       ; 0            ; 40          ; 0    ; 0 (0)        ; 0 (0)             ; 0 (0)            ; 0 (0)           ; 0 (0)      ; |pbl|matriz:inst12|lpm_rom2:letra_b                                               ; work         ;
;          |lpm_rom:lpm_rom_component| ; 0 (0)       ; 0            ; 40          ; 0    ; 0 (0)        ; 0 (0)             ; 0 (0)            ; 0 (0)           ; 0 (0)      ; |pbl|matriz:inst12|lpm_rom2:letra_b|lpm_rom:lpm_rom_component                     ; work         ;
;             |altrom:srom|            ; 0 (0)       ; 0            ; 40          ; 0    ; 0 (0)        ; 0 (0)             ; 0 (0)            ; 0 (0)           ; 0 (0)      ; |pbl|matriz:inst12|lpm_rom2:letra_b|lpm_rom:lpm_rom_component|altrom:srom         ; work         ;
;       |lpm_rom3:linha|               ; 0 (0)       ; 0            ; 56          ; 0    ; 0 (0)        ; 0 (0)             ; 0 (0)            ; 0 (0)           ; 0 (0)      ; |pbl|matriz:inst12|lpm_rom3:linha                                                 ; work         ;
;          |lpm_rom:lpm_rom_component| ; 0 (0)       ; 0            ; 56          ; 0    ; 0 (0)        ; 0 (0)             ; 0 (0)            ; 0 (0)           ; 0 (0)      ; |pbl|matriz:inst12|lpm_rom3:linha|lpm_rom:lpm_rom_component                       ; work         ;
;             |altrom:srom|            ; 0 (0)       ; 0            ; 56          ; 0    ; 0 (0)        ; 0 (0)             ; 0 (0)            ; 0 (0)           ; 0 (0)      ; |pbl|matriz:inst12|lpm_rom3:linha|lpm_rom:lpm_rom_component|altrom:srom           ; work         ;
;       |multiplexador_5:m2|           ; 10 (10)     ; 0            ; 0           ; 0    ; 10 (10)      ; 0 (0)             ; 0 (0)            ; 0 (0)           ; 0 (0)      ; |pbl|matriz:inst12|multiplexador_5:m2                                             ; work         ;
;    |modulo_contador:inst9|           ; 120 (0)     ; 32           ; 0           ; 0    ; 88 (0)       ; 0 (0)             ; 32 (0)           ; 0 (0)           ; 0 (0)      ; |pbl|modulo_contador:inst9                                                        ; work         ;
;       |contador_33:SA|               ; 30 (5)      ; 8            ; 0           ; 0    ; 22 (5)       ; 0 (0)             ; 8 (0)            ; 0 (0)           ; 0 (0)      ; |pbl|modulo_contador:inst9|contador_33:SA                                         ; work         ;
;          |74192:C1|                  ; 13 (13)     ; 4            ; 0           ; 0    ; 9 (9)        ; 0 (0)             ; 4 (4)            ; 0 (0)           ; 0 (0)      ; |pbl|modulo_contador:inst9|contador_33:SA|74192:C1                                ; work         ;
;          |74192:C2|                  ; 12 (12)     ; 4            ; 0           ; 0    ; 8 (8)        ; 0 (0)             ; 4 (4)            ; 0 (0)           ; 0 (0)      ; |pbl|modulo_contador:inst9|contador_33:SA|74192:C2                                ; work         ;
;       |contador_33:SB|               ; 30 (5)      ; 8            ; 0           ; 0    ; 22 (5)       ; 0 (0)             ; 8 (0)            ; 0 (0)           ; 0 (0)      ; |pbl|modulo_contador:inst9|contador_33:SB                                         ; work         ;
;          |74192:C1|                  ; 13 (13)     ; 4            ; 0           ; 0    ; 9 (9)        ; 0 (0)             ; 4 (4)            ; 0 (0)           ; 0 (0)      ; |pbl|modulo_contador:inst9|contador_33:SB|74192:C1                                ; work         ;
;          |74192:C2|                  ; 12 (12)     ; 4            ; 0           ; 0    ; 8 (8)        ; 0 (0)             ; 4 (4)            ; 0 (0)           ; 0 (0)      ; |pbl|modulo_contador:inst9|contador_33:SB|74192:C2                                ; work         ;
;       |contador_33:SC|               ; 30 (5)      ; 8            ; 0           ; 0    ; 22 (5)       ; 0 (0)             ; 8 (0)            ; 0 (0)           ; 0 (0)      ; |pbl|modulo_contador:inst9|contador_33:SC                                         ; work         ;
;          |74192:C1|                  ; 13 (13)     ; 4            ; 0           ; 0    ; 9 (9)        ; 0 (0)             ; 4 (4)            ; 0 (0)           ; 0 (0)      ; |pbl|modulo_contador:inst9|contador_33:SC|74192:C1                                ; work         ;
;          |74192:C2|                  ; 12 (12)     ; 4            ; 0           ; 0    ; 8 (8)        ; 0 (0)             ; 4 (4)            ; 0 (0)           ; 0 (0)      ; |pbl|modulo_contador:inst9|contador_33:SC|74192:C2                                ; work         ;
;       |contador_99:SG|               ; 30 (5)      ; 8            ; 0           ; 0    ; 22 (5)       ; 0 (0)             ; 8 (0)            ; 0 (0)           ; 0 (0)      ; |pbl|modulo_contador:inst9|contador_99:SG                                         ; work         ;
;          |74192:C1|                  ; 13 (13)     ; 4            ; 0           ; 0    ; 9 (9)        ; 0 (0)             ; 4 (4)            ; 0 (0)           ; 0 (0)      ; |pbl|modulo_contador:inst9|contador_99:SG|74192:C1                                ; work         ;
;          |74192:C2|                  ; 12 (12)     ; 4            ; 0           ; 0    ; 8 (8)        ; 0 (0)             ; 4 (4)            ; 0 (0)           ; 0 (0)      ; |pbl|modulo_contador:inst9|contador_99:SG|74192:C2                                ; work         ;
;    |modulo_debounce:inst|            ; 40 (0)      ; 40           ; 0           ; 0    ; 0 (0)        ; 32 (0)            ; 8 (0)            ; 0 (0)           ; 0 (0)      ; |pbl|modulo_debounce:inst                                                         ; work         ;
;       |debounce:A1|                  ; 5 (5)       ; 5            ; 0           ; 0    ; 0 (0)        ; 4 (4)             ; 1 (1)            ; 0 (0)           ; 0 (0)      ; |pbl|modulo_debounce:inst|debounce:A1                                             ; work         ;
;       |debounce:A2|                  ; 5 (5)       ; 5            ; 0           ; 0    ; 0 (0)        ; 4 (4)             ; 1 (1)            ; 0 (0)           ; 0 (0)      ; |pbl|modulo_debounce:inst|debounce:A2                                             ; work         ;
;       |debounce:B1|                  ; 5 (5)       ; 5            ; 0           ; 0    ; 0 (0)        ; 4 (4)             ; 1 (1)            ; 0 (0)           ; 0 (0)      ; |pbl|modulo_debounce:inst|debounce:B1                                             ; work         ;
;       |debounce:B2|                  ; 5 (5)       ; 5            ; 0           ; 0    ; 0 (0)        ; 4 (4)             ; 1 (1)            ; 0 (0)           ; 0 (0)      ; |pbl|modulo_debounce:inst|debounce:B2                                             ; work         ;
;       |debounce:C1|                  ; 5 (5)       ; 5            ; 0           ; 0    ; 0 (0)        ; 4 (4)             ; 1 (1)            ; 0 (0)           ; 0 (0)      ; |pbl|modulo_debounce:inst|debounce:C1                                             ; work         ;
;       |debounce:C2|                  ; 5 (5)       ; 5            ; 0           ; 0    ; 0 (0)        ; 4 (4)             ; 1 (1)            ; 0 (0)           ; 0 (0)      ; |pbl|modulo_debounce:inst|debounce:C2                                             ; work         ;
;       |debounce:G1|                  ; 5 (5)       ; 5            ; 0           ; 0    ; 0 (0)        ; 4 (4)             ; 1 (1)            ; 0 (0)           ; 0 (0)      ; |pbl|modulo_debounce:inst|debounce:G1                                             ; work         ;
;       |debounce:G2|                  ; 5 (5)       ; 5            ; 0           ; 0    ; 0 (0)        ; 4 (4)             ; 1 (1)            ; 0 (0)           ; 0 (0)      ; |pbl|modulo_debounce:inst|debounce:G2                                             ; work         ;
;    |modulo_seletor:inst10|           ; 81 (0)      ; 32           ; 0           ; 0    ; 49 (0)       ; 12 (0)            ; 20 (0)           ; 0 (0)           ; 0 (0)      ; |pbl|modulo_seletor:inst10                                                        ; work         ;
;       |modulo_comparador:inst|       ; 36 (0)      ; 0            ; 0           ; 0    ; 36 (0)       ; 0 (0)             ; 0 (0)            ; 0 (0)           ; 0 (0)      ; |pbl|modulo_seletor:inst10|modulo_comparador:inst                                 ; work         ;
;          |comparador:T1|             ; 12 (0)      ; 0            ; 0           ; 0    ; 12 (0)       ; 0 (0)             ; 0 (0)            ; 0 (0)           ; 0 (0)      ; |pbl|modulo_seletor:inst10|modulo_comparador:inst|comparador:T1                   ; work         ;
;             |7485:C1|                ; 5 (0)       ; 0            ; 0           ; 0    ; 5 (0)        ; 0 (0)             ; 0 (0)            ; 0 (0)           ; 0 (0)      ; |pbl|modulo_seletor:inst10|modulo_comparador:inst|comparador:T1|7485:C1           ; work         ;
;                |f7485:sub|           ; 5 (5)       ; 0            ; 0           ; 0    ; 5 (5)        ; 0 (0)             ; 0 (0)            ; 0 (0)           ; 0 (0)      ; |pbl|modulo_seletor:inst10|modulo_comparador:inst|comparador:T1|7485:C1|f7485:sub ; work         ;
;             |7485:C2|                ; 7 (0)       ; 0            ; 0           ; 0    ; 7 (0)        ; 0 (0)             ; 0 (0)            ; 0 (0)           ; 0 (0)      ; |pbl|modulo_seletor:inst10|modulo_comparador:inst|comparador:T1|7485:C2           ; work         ;
;                |f7485:sub|           ; 7 (7)       ; 0            ; 0           ; 0    ; 7 (7)        ; 0 (0)             ; 0 (0)            ; 0 (0)           ; 0 (0)      ; |pbl|modulo_seletor:inst10|modulo_comparador:inst|comparador:T1|7485:C2|f7485:sub ; work         ;
;          |comparador:T2|             ; 12 (0)      ; 0            ; 0           ; 0    ; 12 (0)       ; 0 (0)             ; 0 (0)            ; 0 (0)           ; 0 (0)      ; |pbl|modulo_seletor:inst10|modulo_comparador:inst|comparador:T2                   ; work         ;
;             |7485:C1|                ; 5 (0)       ; 0            ; 0           ; 0    ; 5 (0)        ; 0 (0)             ; 0 (0)            ; 0 (0)           ; 0 (0)      ; |pbl|modulo_seletor:inst10|modulo_comparador:inst|comparador:T2|7485:C1           ; work         ;
;                |f7485:sub|           ; 5 (5)       ; 0            ; 0           ; 0    ; 5 (5)        ; 0 (0)             ; 0 (0)            ; 0 (0)           ; 0 (0)      ; |pbl|modulo_seletor:inst10|modulo_comparador:inst|comparador:T2|7485:C1|f7485:sub ; work         ;
;             |7485:C2|                ; 7 (0)       ; 0            ; 0           ; 0    ; 7 (0)        ; 0 (0)             ; 0 (0)            ; 0 (0)           ; 0 (0)      ; |pbl|modulo_seletor:inst10|modulo_comparador:inst|comparador:T2|7485:C2           ; work         ;
;                |f7485:sub|           ; 7 (7)       ; 0            ; 0           ; 0    ; 7 (7)        ; 0 (0)             ; 0 (0)            ; 0 (0)           ; 0 (0)      ; |pbl|modulo_seletor:inst10|modulo_comparador:inst|comparador:T2|7485:C2|f7485:sub ; work         ;
;          |comparador:T3|             ; 12 (0)      ; 0            ; 0           ; 0    ; 12 (0)       ; 0 (0)             ; 0 (0)            ; 0 (0)           ; 0 (0)      ; |pbl|modulo_seletor:inst10|modulo_comparador:inst|comparador:T3                   ; work         ;
;             |7485:C1|                ; 5 (0)       ; 0            ; 0           ; 0    ; 5 (0)        ; 0 (0)             ; 0 (0)            ; 0 (0)           ; 0 (0)      ; |pbl|modulo_seletor:inst10|modulo_comparador:inst|comparador:T3|7485:C1           ; work         ;
;                |f7485:sub|           ; 5 (5)       ; 0            ; 0           ; 0    ; 5 (5)        ; 0 (0)             ; 0 (0)            ; 0 (0)           ; 0 (0)      ; |pbl|modulo_seletor:inst10|modulo_comparador:inst|comparador:T3|7485:C1|f7485:sub ; work         ;
;             |7485:C2|                ; 7 (0)       ; 0            ; 0           ; 0    ; 7 (0)        ; 0 (0)             ; 0 (0)            ; 0 (0)           ; 0 (0)      ; |pbl|modulo_seletor:inst10|modulo_comparador:inst|comparador:T3|7485:C2           ; work         ;
;                |f7485:sub|           ; 7 (7)       ; 0            ; 0           ; 0    ; 7 (7)        ; 0 (0)             ; 0 (0)            ; 0 (0)           ; 0 (0)      ; |pbl|modulo_seletor:inst10|modulo_comparador:inst|comparador:T3|7485:C2|f7485:sub ; work         ;
;       |multiplexador_8:inst2|        ; 8 (8)       ; 0            ; 0           ; 0    ; 8 (8)        ; 0 (0)             ; 0 (0)            ; 0 (0)           ; 0 (0)      ; |pbl|modulo_seletor:inst10|multiplexador_8:inst2                                  ; work         ;
;       |registrador_6:inst4|          ; 6 (6)       ; 6            ; 0           ; 0    ; 0 (0)        ; 0 (0)             ; 6 (6)            ; 0 (0)           ; 0 (0)      ; |pbl|modulo_seletor:inst10|registrador_6:inst4                                    ; work         ;
;       |registrador_8:inst5|          ; 8 (8)       ; 8            ; 0           ; 0    ; 0 (0)        ; 4 (4)             ; 4 (4)            ; 0 (0)           ; 0 (0)      ; |pbl|modulo_seletor:inst10|registrador_8:inst5                                    ; work         ;
;       |registrador_8:inst6|          ; 8 (8)       ; 8            ; 0           ; 0    ; 0 (0)        ; 4 (4)             ; 4 (4)            ; 0 (0)           ; 0 (0)      ; |pbl|modulo_seletor:inst10|registrador_8:inst6                                    ; work         ;
;       |registrador_8:inst7|          ; 8 (8)       ; 8            ; 0           ; 0    ; 0 (0)        ; 4 (4)             ; 4 (4)            ; 0 (0)           ; 0 (0)      ; |pbl|modulo_seletor:inst10|registrador_8:inst7                                    ; work         ;
;       |seletor:inst1|                ; 7 (3)       ; 2            ; 0           ; 0    ; 5 (1)        ; 0 (0)             ; 2 (2)            ; 0 (0)           ; 0 (0)      ; |pbl|modulo_seletor:inst10|seletor:inst1                                          ; work         ;
;          |multiplexador_2:inst1|     ; 4 (4)       ; 0            ; 0           ; 0    ; 4 (4)        ; 0 (0)             ; 0 (0)            ; 0 (0)           ; 0 (0)      ; |pbl|modulo_seletor:inst10|seletor:inst1|multiplexador_2:inst1                    ; work         ;
+--------------------------------------+-------------+--------------+-------------+------+--------------+-------------------+------------------+-----------------+------------+-----------------------------------------------------------------------------------+--------------+
Note: For table entries with two numbers listed, the numbers in parentheses indicate the number of resources of the given type used by the specific entity alone. The numbers listed outside of parentheses indicate the total resources of the given type used by the specific entity and all of its sub-entities in the hierarchy.


+----------------------------------------------------------------------------------------------------------------------------------------------------------------------+
; Analysis & Synthesis RAM Summary                                                                                                                                     ;
+------------------------------------------------------------------------------+------+--------------+--------------+--------------+--------------+------+-------------+
; Name                                                                         ; Mode ; Port A Depth ; Port A Width ; Port B Depth ; Port B Width ; Size ; MIF         ;
+------------------------------------------------------------------------------+------+--------------+--------------+--------------+--------------+------+-------------+
; matriz:inst12|lpm_rom0:letra_c|lpm_rom:lpm_rom_component|altrom:srom|content ; ROM  ; 8            ; 5            ; --           ; --           ; 40   ; letra_c.mif ;
; matriz:inst12|lpm_rom1:letra_a|lpm_rom:lpm_rom_component|altrom:srom|content ; ROM  ; 8            ; 5            ; --           ; --           ; 40   ; letra_a.mif ;
; matriz:inst12|lpm_rom2:letra_b|lpm_rom:lpm_rom_component|altrom:srom|content ; ROM  ; 8            ; 5            ; --           ; --           ; 40   ; letra_b.mif ;
; matriz:inst12|lpm_rom3:linha|lpm_rom:lpm_rom_component|altrom:srom|content   ; ROM  ; 8            ; 7            ; --           ; --           ; 56   ; linha.mif   ;
+------------------------------------------------------------------------------+------+--------------+--------------+--------------+--------------+------+-------------+


+------------------------------------------------------------------------+
; Registers Removed During Synthesis                                     ;
+---------------------------------------+--------------------------------+
; Register name                         ; Reason for Removal             ;
+---------------------------------------+--------------------------------+
; clock:inst2|74163:inst4|f74163:sub|34 ; Merged with display:inst1|inst ;
; matriz:inst12|74163:c|f74163:sub|34   ; Merged with display:inst1|inst ;
; Total Number of Removed Registers = 2 ;                                ;
+---------------------------------------+--------------------------------+


+------------------------------------------------------+
; General Register Statistics                          ;
+----------------------------------------------+-------+
; Statistic                                    ; Value ;
+----------------------------------------------+-------+
; Total registers                              ; 133   ;
; Number of registers using Synchronous Clear  ; 0     ;
; Number of registers using Synchronous Load   ; 0     ;
; Number of registers using Asynchronous Clear ; 32    ;
; Number of registers using Asynchronous Load  ; 0     ;
; Number of registers using Clock Enable       ; 2     ;
; Number of registers using Preset             ; 0     ;
+----------------------------------------------+-------+


+------------------------------------------------------------+
; Inverted Register Statistics                               ;
+--------------------------------------------------+---------+
; Inverted Register                                ; Fan out ;
+--------------------------------------------------+---------+
; modulo_contador:inst9|contador_33:SC|74192:C2|25 ; 11      ;
; modulo_contador:inst9|contador_33:SA|74192:C2|25 ; 11      ;
; modulo_contador:inst9|contador_33:SB|74192:C1|25 ; 12      ;
; modulo_contador:inst9|contador_33:SB|74192:C2|25 ; 11      ;
; modulo_contador:inst9|contador_33:SC|74192:C1|25 ; 12      ;
; modulo_contador:inst9|contador_33:SA|74192:C1|25 ; 12      ;
; modulo_contador:inst9|contador_33:SC|74192:C2|26 ; 10      ;
; modulo_contador:inst9|contador_33:SA|74192:C2|26 ; 10      ;
; modulo_contador:inst9|contador_33:SB|74192:C1|26 ; 10      ;
; modulo_contador:inst9|contador_33:SB|74192:C2|26 ; 10      ;
; modulo_contador:inst9|contador_33:SC|74192:C1|26 ; 10      ;
; modulo_contador:inst9|contador_33:SA|74192:C1|26 ; 10      ;
; Total number of inverted registers = 12          ;         ;
+--------------------------------------------------+---------+


+----------------------------------------------------------------------+
; Parameter Settings for User Entity Instance: clock:inst2|74163:inst2 ;
+------------------------+--------+------------------------------------+
; Parameter Name         ; Value  ; Type                               ;
+------------------------+--------+------------------------------------+
; DEVICE_FAMILY          ; ACEX1K ; Untyped                            ;
; AUTO_CARRY_CHAINS      ; ON     ; AUTO_CARRY                         ;
; IGNORE_CARRY_BUFFERS   ; OFF    ; IGNORE_CARRY                       ;
; AUTO_CASCADE_CHAINS    ; ON     ; AUTO_CASCADE                       ;
; IGNORE_CASCADE_BUFFERS ; OFF    ; IGNORE_CASCADE                     ;
+------------------------+--------+------------------------------------+
Note: In order to hide this table in the UI and the text report file, please set the "Show Parameter Settings Tables in Synthesis Report" option in "Analysis and Synthesis Settings -> More Settings" to "Off".


+----------------------------------------------------------------------+
; Parameter Settings for User Entity Instance: clock:inst2|74163:inst3 ;
+------------------------+--------+------------------------------------+
; Parameter Name         ; Value  ; Type                               ;
+------------------------+--------+------------------------------------+
; DEVICE_FAMILY          ; ACEX1K ; Untyped                            ;
; AUTO_CARRY_CHAINS      ; ON     ; AUTO_CARRY                         ;
; IGNORE_CARRY_BUFFERS   ; OFF    ; IGNORE_CARRY                       ;
; AUTO_CASCADE_CHAINS    ; ON     ; AUTO_CASCADE                       ;
; IGNORE_CASCADE_BUFFERS ; OFF    ; IGNORE_CASCADE                     ;
+------------------------+--------+------------------------------------+
Note: In order to hide this table in the UI and the text report file, please set the "Show Parameter Settings Tables in Synthesis Report" option in "Analysis and Synthesis Settings -> More Settings" to "Off".


+----------------------------------------------------------------------+
; Parameter Settings for User Entity Instance: clock:inst2|74163:inst1 ;
+------------------------+--------+------------------------------------+
; Parameter Name         ; Value  ; Type                               ;
+------------------------+--------+------------------------------------+
; DEVICE_FAMILY          ; ACEX1K ; Untyped                            ;
; AUTO_CARRY_CHAINS      ; ON     ; AUTO_CARRY                         ;
; IGNORE_CARRY_BUFFERS   ; OFF    ; IGNORE_CARRY                       ;
; AUTO_CASCADE_CHAINS    ; ON     ; AUTO_CASCADE                       ;
; IGNORE_CASCADE_BUFFERS ; OFF    ; IGNORE_CASCADE                     ;
+------------------------+--------+------------------------------------+
Note: In order to hide this table in the UI and the text report file, please set the "Show Parameter Settings Tables in Synthesis Report" option in "Analysis and Synthesis Settings -> More Settings" to "Off".


+---------------------------------------------------------------------+
; Parameter Settings for User Entity Instance: clock:inst2|74163:inst ;
+------------------------+--------+-----------------------------------+
; Parameter Name         ; Value  ; Type                              ;
+------------------------+--------+-----------------------------------+
; DEVICE_FAMILY          ; ACEX1K ; Untyped                           ;
; AUTO_CARRY_CHAINS      ; ON     ; AUTO_CARRY                        ;
; IGNORE_CARRY_BUFFERS   ; OFF    ; IGNORE_CARRY                      ;
; AUTO_CASCADE_CHAINS    ; ON     ; AUTO_CASCADE                      ;
; IGNORE_CASCADE_BUFFERS ; OFF    ; IGNORE_CASCADE                    ;
+------------------------+--------+-----------------------------------+
Note: In order to hide this table in the UI and the text report file, please set the "Show Parameter Settings Tables in Synthesis Report" option in "Analysis and Synthesis Settings -> More Settings" to "Off".


+----------------------------------------------------------------------+
; Parameter Settings for User Entity Instance: clock:inst2|74163:inst8 ;
+------------------------+--------+------------------------------------+
; Parameter Name         ; Value  ; Type                               ;
+------------------------+--------+------------------------------------+
; DEVICE_FAMILY          ; ACEX1K ; Untyped                            ;
; AUTO_CARRY_CHAINS      ; ON     ; AUTO_CARRY                         ;
; IGNORE_CARRY_BUFFERS   ; OFF    ; IGNORE_CARRY                       ;
; AUTO_CASCADE_CHAINS    ; ON     ; AUTO_CASCADE                       ;
; IGNORE_CASCADE_BUFFERS ; OFF    ; IGNORE_CASCADE                     ;
+------------------------+--------+------------------------------------+
Note: In order to hide this table in the UI and the text report file, please set the "Show Parameter Settings Tables in Synthesis Report" option in "Analysis and Synthesis Settings -> More Settings" to "Off".


+----------------------------------------------------------------------+
; Parameter Settings for User Entity Instance: clock:inst2|74163:inst7 ;
+------------------------+--------+------------------------------------+
; Parameter Name         ; Value  ; Type                               ;
+------------------------+--------+------------------------------------+
; DEVICE_FAMILY          ; ACEX1K ; Untyped                            ;
; AUTO_CARRY_CHAINS      ; ON     ; AUTO_CARRY                         ;
; IGNORE_CARRY_BUFFERS   ; OFF    ; IGNORE_CARRY                       ;
; AUTO_CASCADE_CHAINS    ; ON     ; AUTO_CASCADE                       ;
; IGNORE_CASCADE_BUFFERS ; OFF    ; IGNORE_CASCADE                     ;
+------------------------+--------+------------------------------------+
Note: In order to hide this table in the UI and the text report file, please set the "Show Parameter Settings Tables in Synthesis Report" option in "Analysis and Synthesis Settings -> More Settings" to "Off".


+----------------------------------------------------------------------+
; Parameter Settings for User Entity Instance: clock:inst2|74163:inst4 ;
+------------------------+--------+------------------------------------+
; Parameter Name         ; Value  ; Type                               ;
+------------------------+--------+------------------------------------+
; DEVICE_FAMILY          ; ACEX1K ; Untyped                            ;
; AUTO_CARRY_CHAINS      ; ON     ; AUTO_CARRY                         ;
; IGNORE_CARRY_BUFFERS   ; OFF    ; IGNORE_CARRY                       ;
; AUTO_CASCADE_CHAINS    ; ON     ; AUTO_CASCADE                       ;
; IGNORE_CASCADE_BUFFERS ; OFF    ; IGNORE_CASCADE                     ;
+------------------------+--------+------------------------------------+
Note: In order to hide this table in the UI and the text report file, please set the "Show Parameter Settings Tables in Synthesis Report" option in "Analysis and Synthesis Settings -> More Settings" to "Off".


+-----------------------------------------------------------------------------------------------------------------+
; Parameter Settings for User Entity Instance: modulo_seletor:inst10|modulo_comparador:inst|comparador:T2|7485:C2 ;
+------------------------+--------+-------------------------------------------------------------------------------+
; Parameter Name         ; Value  ; Type                                                                          ;
+------------------------+--------+-------------------------------------------------------------------------------+
; DEVICE_FAMILY          ; ACEX1K ; Untyped                                                                       ;
; AUTO_CARRY_CHAINS      ; ON     ; AUTO_CARRY                                                                    ;
; IGNORE_CARRY_BUFFERS   ; OFF    ; IGNORE_CARRY                                                                  ;
; AUTO_CASCADE_CHAINS    ; ON     ; AUTO_CASCADE                                                                  ;
; IGNORE_CASCADE_BUFFERS ; OFF    ; IGNORE_CASCADE                                                                ;
+------------------------+--------+-------------------------------------------------------------------------------+
Note: In order to hide this table in the UI and the text report file, please set the "Show Parameter Settings Tables in Synthesis Report" option in "Analysis and Synthesis Settings -> More Settings" to "Off".


+-----------------------------------------------------------------------------------------------------------------+
; Parameter Settings for User Entity Instance: modulo_seletor:inst10|modulo_comparador:inst|comparador:T2|7485:C1 ;
+------------------------+--------+-------------------------------------------------------------------------------+
; Parameter Name         ; Value  ; Type                                                                          ;
+------------------------+--------+-------------------------------------------------------------------------------+
; DEVICE_FAMILY          ; ACEX1K ; Untyped                                                                       ;
; AUTO_CARRY_CHAINS      ; ON     ; AUTO_CARRY                                                                    ;
; IGNORE_CARRY_BUFFERS   ; OFF    ; IGNORE_CARRY                                                                  ;
; AUTO_CASCADE_CHAINS    ; ON     ; AUTO_CASCADE                                                                  ;
; IGNORE_CASCADE_BUFFERS ; OFF    ; IGNORE_CASCADE                                                                ;
+------------------------+--------+-------------------------------------------------------------------------------+
Note: In order to hide this table in the UI and the text report file, please set the "Show Parameter Settings Tables in Synthesis Report" option in "Analysis and Synthesis Settings -> More Settings" to "Off".


+-----------------------------------------------------------------------------------------------------------------+
; Parameter Settings for User Entity Instance: modulo_seletor:inst10|modulo_comparador:inst|comparador:T1|7485:C2 ;
+------------------------+--------+-------------------------------------------------------------------------------+
; Parameter Name         ; Value  ; Type                                                                          ;
+------------------------+--------+-------------------------------------------------------------------------------+
; DEVICE_FAMILY          ; ACEX1K ; Untyped                                                                       ;
; AUTO_CARRY_CHAINS      ; ON     ; AUTO_CARRY                                                                    ;
; IGNORE_CARRY_BUFFERS   ; OFF    ; IGNORE_CARRY                                                                  ;
; AUTO_CASCADE_CHAINS    ; ON     ; AUTO_CASCADE                                                                  ;
; IGNORE_CASCADE_BUFFERS ; OFF    ; IGNORE_CASCADE                                                                ;
+------------------------+--------+-------------------------------------------------------------------------------+
Note: In order to hide this table in the UI and the text report file, please set the "Show Parameter Settings Tables in Synthesis Report" option in "Analysis and Synthesis Settings -> More Settings" to "Off".


+-----------------------------------------------------------------------------------------------------------------+
; Parameter Settings for User Entity Instance: modulo_seletor:inst10|modulo_comparador:inst|comparador:T1|7485:C1 ;
+------------------------+--------+-------------------------------------------------------------------------------+
; Parameter Name         ; Value  ; Type                                                                          ;
+------------------------+--------+-------------------------------------------------------------------------------+
; DEVICE_FAMILY          ; ACEX1K ; Untyped                                                                       ;
; AUTO_CARRY_CHAINS      ; ON     ; AUTO_CARRY                                                                    ;
; IGNORE_CARRY_BUFFERS   ; OFF    ; IGNORE_CARRY                                                                  ;
; AUTO_CASCADE_CHAINS    ; ON     ; AUTO_CASCADE                                                                  ;
; IGNORE_CASCADE_BUFFERS ; OFF    ; IGNORE_CASCADE                                                                ;
+------------------------+--------+-------------------------------------------------------------------------------+
Note: In order to hide this table in the UI and the text report file, please set the "Show Parameter Settings Tables in Synthesis Report" option in "Analysis and Synthesis Settings -> More Settings" to "Off".


+-----------------------------------------------------------------------------------------------------------------+
; Parameter Settings for User Entity Instance: modulo_seletor:inst10|modulo_comparador:inst|comparador:T3|7485:C2 ;
+------------------------+--------+-------------------------------------------------------------------------------+
; Parameter Name         ; Value  ; Type                                                                          ;
+------------------------+--------+-------------------------------------------------------------------------------+
; DEVICE_FAMILY          ; ACEX1K ; Untyped                                                                       ;
; AUTO_CARRY_CHAINS      ; ON     ; AUTO_CARRY                                                                    ;
; IGNORE_CARRY_BUFFERS   ; OFF    ; IGNORE_CARRY                                                                  ;
; AUTO_CASCADE_CHAINS    ; ON     ; AUTO_CASCADE                                                                  ;
; IGNORE_CASCADE_BUFFERS ; OFF    ; IGNORE_CASCADE                                                                ;
+------------------------+--------+-------------------------------------------------------------------------------+
Note: In order to hide this table in the UI and the text report file, please set the "Show Parameter Settings Tables in Synthesis Report" option in "Analysis and Synthesis Settings -> More Settings" to "Off".


+-----------------------------------------------------------------------------------------------------------------+
; Parameter Settings for User Entity Instance: modulo_seletor:inst10|modulo_comparador:inst|comparador:T3|7485:C1 ;
+------------------------+--------+-------------------------------------------------------------------------------+
; Parameter Name         ; Value  ; Type                                                                          ;
+------------------------+--------+-------------------------------------------------------------------------------+
; DEVICE_FAMILY          ; ACEX1K ; Untyped                                                                       ;
; AUTO_CARRY_CHAINS      ; ON     ; AUTO_CARRY                                                                    ;
; IGNORE_CARRY_BUFFERS   ; OFF    ; IGNORE_CARRY                                                                  ;
; AUTO_CASCADE_CHAINS    ; ON     ; AUTO_CASCADE                                                                  ;
; IGNORE_CASCADE_BUFFERS ; OFF    ; IGNORE_CASCADE                                                                ;
+------------------------+--------+-------------------------------------------------------------------------------+
Note: In order to hide this table in the UI and the text report file, please set the "Show Parameter Settings Tables in Synthesis Report" option in "Analysis and Synthesis Settings -> More Settings" to "Off".


+-----------------------------------------------------------------------------------------------------+
; Parameter Settings for User Entity Instance: matriz:inst12|lpm_rom3:linha|lpm_rom:lpm_rom_component ;
+------------------------+------------+---------------------------------------------------------------+
; Parameter Name         ; Value      ; Type                                                          ;
+------------------------+------------+---------------------------------------------------------------+
; LPM_WIDTH              ; 7          ; Signed Integer                                                ;
; LPM_WIDTHAD            ; 3          ; Signed Integer                                                ;
; LPM_NUMWORDS           ; 8          ; Untyped                                                       ;
; LPM_ADDRESS_CONTROL    ; REGISTERED ; Untyped                                                       ;
; LPM_OUTDATA            ; REGISTERED ; Untyped                                                       ;
; LPM_FILE               ; linha.mif  ; Untyped                                                       ;
; DEVICE_FAMILY          ; ACEX1K     ; Untyped                                                       ;
; AUTO_CARRY_CHAINS      ; ON         ; AUTO_CARRY                                                    ;
; IGNORE_CARRY_BUFFERS   ; OFF        ; IGNORE_CARRY                                                  ;
; AUTO_CASCADE_CHAINS    ; ON         ; AUTO_CASCADE                                                  ;
; IGNORE_CASCADE_BUFFERS ; OFF        ; IGNORE_CASCADE                                                ;
+------------------------+------------+---------------------------------------------------------------+
Note: In order to hide this table in the UI and the text report file, please set the "Show Parameter Settings Tables in Synthesis Report" option in "Analysis and Synthesis Settings -> More Settings" to "Off".


+--------------------------------------------------------------------+
; Parameter Settings for User Entity Instance: matriz:inst12|74163:c ;
+------------------------+--------+----------------------------------+
; Parameter Name         ; Value  ; Type                             ;
+------------------------+--------+----------------------------------+
; DEVICE_FAMILY          ; ACEX1K ; Untyped                          ;
; AUTO_CARRY_CHAINS      ; ON     ; AUTO_CARRY                       ;
; IGNORE_CARRY_BUFFERS   ; OFF    ; IGNORE_CARRY                     ;
; AUTO_CASCADE_CHAINS    ; ON     ; AUTO_CASCADE                     ;
; IGNORE_CASCADE_BUFFERS ; OFF    ; IGNORE_CASCADE                   ;
+------------------------+--------+----------------------------------+
Note: In order to hide this table in the UI and the text report file, please set the "Show Parameter Settings Tables in Synthesis Report" option in "Analysis and Synthesis Settings -> More Settings" to "Off".


+-------------------------------------------------------------------------------------------------------+
; Parameter Settings for User Entity Instance: matriz:inst12|lpm_rom0:letra_c|lpm_rom:lpm_rom_component ;
+------------------------+-------------+----------------------------------------------------------------+
; Parameter Name         ; Value       ; Type                                                           ;
+------------------------+-------------+----------------------------------------------------------------+
; LPM_WIDTH              ; 5           ; Signed Integer                                                 ;
; LPM_WIDTHAD            ; 3           ; Signed Integer                                                 ;
; LPM_NUMWORDS           ; 8           ; Untyped                                                        ;
; LPM_ADDRESS_CONTROL    ; REGISTERED  ; Untyped                                                        ;
; LPM_OUTDATA            ; REGISTERED  ; Untyped                                                        ;
; LPM_FILE               ; letra_c.mif ; Untyped                                                        ;
; DEVICE_FAMILY          ; ACEX1K      ; Untyped                                                        ;
; AUTO_CARRY_CHAINS      ; ON          ; AUTO_CARRY                                                     ;
; IGNORE_CARRY_BUFFERS   ; OFF         ; IGNORE_CARRY                                                   ;
; AUTO_CASCADE_CHAINS    ; ON          ; AUTO_CASCADE                                                   ;
; IGNORE_CASCADE_BUFFERS ; OFF         ; IGNORE_CASCADE                                                 ;
+------------------------+-------------+----------------------------------------------------------------+
Note: In order to hide this table in the UI and the text report file, please set the "Show Parameter Settings Tables in Synthesis Report" option in "Analysis and Synthesis Settings -> More Settings" to "Off".


+-------------------------------------------------------------------------------------------------------+
; Parameter Settings for User Entity Instance: matriz:inst12|lpm_rom1:letra_a|lpm_rom:lpm_rom_component ;
+------------------------+-------------+----------------------------------------------------------------+
; Parameter Name         ; Value       ; Type                                                           ;
+------------------------+-------------+----------------------------------------------------------------+
; LPM_WIDTH              ; 5           ; Signed Integer                                                 ;
; LPM_WIDTHAD            ; 3           ; Signed Integer                                                 ;
; LPM_NUMWORDS           ; 8           ; Untyped                                                        ;
; LPM_ADDRESS_CONTROL    ; REGISTERED  ; Untyped                                                        ;
; LPM_OUTDATA            ; REGISTERED  ; Untyped                                                        ;
; LPM_FILE               ; letra_a.mif ; Untyped                                                        ;
; DEVICE_FAMILY          ; ACEX1K      ; Untyped                                                        ;
; AUTO_CARRY_CHAINS      ; ON          ; AUTO_CARRY                                                     ;
; IGNORE_CARRY_BUFFERS   ; OFF         ; IGNORE_CARRY                                                   ;
; AUTO_CASCADE_CHAINS    ; ON          ; AUTO_CASCADE                                                   ;
; IGNORE_CASCADE_BUFFERS ; OFF         ; IGNORE_CASCADE                                                 ;
+------------------------+-------------+----------------------------------------------------------------+
Note: In order to hide this table in the UI and the text report file, please set the "Show Parameter Settings Tables in Synthesis Report" option in "Analysis and Synthesis Settings -> More Settings" to "Off".


+-------------------------------------------------------------------------------------------------------+
; Parameter Settings for User Entity Instance: matriz:inst12|lpm_rom2:letra_b|lpm_rom:lpm_rom_component ;
+------------------------+-------------+----------------------------------------------------------------+
; Parameter Name         ; Value       ; Type                                                           ;
+------------------------+-------------+----------------------------------------------------------------+
; LPM_WIDTH              ; 5           ; Signed Integer                                                 ;
; LPM_WIDTHAD            ; 3           ; Signed Integer                                                 ;
; LPM_NUMWORDS           ; 8           ; Untyped                                                        ;
; LPM_ADDRESS_CONTROL    ; REGISTERED  ; Untyped                                                        ;
; LPM_OUTDATA            ; REGISTERED  ; Untyped                                                        ;
; LPM_FILE               ; letra_b.mif ; Untyped                                                        ;
; DEVICE_FAMILY          ; ACEX1K      ; Untyped                                                        ;
; AUTO_CARRY_CHAINS      ; ON          ; AUTO_CARRY                                                     ;
; IGNORE_CARRY_BUFFERS   ; OFF         ; IGNORE_CARRY                                                   ;
; AUTO_CASCADE_CHAINS    ; ON          ; AUTO_CASCADE                                                   ;
; IGNORE_CASCADE_BUFFERS ; OFF         ; IGNORE_CASCADE                                                 ;
+------------------------+-------------+----------------------------------------------------------------+
Note: In order to hide this table in the UI and the text report file, please set the "Show Parameter Settings Tables in Synthesis Report" option in "Analysis and Synthesis Settings -> More Settings" to "Off".


+-------------------------------+
; Analysis & Synthesis Messages ;
+-------------------------------+
Info: *******************************************************************
Info: Running Quartus II Analysis & Synthesis
    Info: Version 9.0 Build 132 02/25/2009 SJ Full Version
    Info: Processing started: Tue Nov 28 08:30:21 2017
Info: Command: quartus_map --read_settings_files=on --write_settings_files=off pbl -c pbl
Info: Found 1 design units, including 1 entities, in source file contador_33.bdf
    Info: Found entity 1: contador_33
Info: Found 1 design units, including 1 entities, in source file contador_99.bdf
    Info: Found entity 1: contador_99
Info: Found 1 design units, including 1 entities, in source file pbl.bdf
    Info: Found entity 1: pbl
Info: Found 1 design units, including 1 entities, in source file debounce.bdf
    Info: Found entity 1: debounce
Info: Found 1 design units, including 1 entities, in source file modulo_debounce.bdf
    Info: Found entity 1: modulo_debounce
Info: Found 1 design units, including 1 entities, in source file modulo_contador.bdf
    Info: Found entity 1: modulo_contador
Info: Found 1 design units, including 1 entities, in source file modulo_comparador.bdf
    Info: Found entity 1: modulo_comparador
Info: Found 1 design units, including 1 entities, in source file matriz.bdf
    Info: Found entity 1: matriz
Info: Found 1 design units, including 1 entities, in source file lpm_rom0.v
    Info: Found entity 1: lpm_rom0
Info: Found 1 design units, including 1 entities, in source file lpm_rom1.v
    Info: Found entity 1: lpm_rom1
Info: Found 1 design units, including 1 entities, in source file lpm_rom2.v
    Info: Found entity 1: lpm_rom2
Info: Found 1 design units, including 1 entities, in source file lpm_rom3.v
    Info: Found entity 1: lpm_rom3
Info: Found 1 design units, including 1 entities, in source file comparador.bdf
    Info: Found entity 1: comparador
Info: Found 1 design units, including 1 entities, in source file multiplexador_2.bdf
    Info: Found entity 1: multiplexador_2
Info: Found 1 design units, including 1 entities, in source file seletor.bdf
    Info: Found entity 1: seletor
Info: Found 1 design units, including 1 entities, in source file multiplexador_8.bdf
    Info: Found entity 1: multiplexador_8
Info: Found 1 design units, including 1 entities, in source file modulo_seletor.bdf
    Info: Found entity 1: modulo_seletor
Info: Found 1 design units, including 1 entities, in source file registrador_6.bdf
    Info: Found entity 1: registrador_6
Info: Found 1 design units, including 1 entities, in source file registrador_8.bdf
    Info: Found entity 1: registrador_8
Info: Found 1 design units, including 1 entities, in source file multiplexador_4.bdf
    Info: Found entity 1: multiplexador_4
Info: Found 1 design units, including 1 entities, in source file clock.bdf
    Info: Found entity 1: clock
Info: Found 1 design units, including 1 entities, in source file demultiplexador_8.bdf
    Info: Found entity 1: demultiplexador_8
Info: Found 1 design units, including 1 entities, in source file display.bdf
    Info: Found entity 1: display
Info: Found 1 design units, including 1 entities, in source file multiplexador_5.bdf
    Info: Found entity 1: multiplexador_5
Info: Elaborating entity "pbl" for the top level hierarchy
Info: Elaborating entity "display" for hierarchy "display:inst1"
Info: Elaborating entity "7447" for hierarchy "display:inst1|7447:inst2"
Info: Elaborated megafunction instantiation "display:inst1|7447:inst2"
Info: Elaborating entity "74157" for hierarchy "display:inst1|74157:inst3"
Info: Elaborated megafunction instantiation "display:inst1|74157:inst3"
Info: Elaborating entity "clock" for hierarchy "clock:inst2"
Info: Elaborating entity "74163" for hierarchy "clock:inst2|74163:inst2"
Info: Elaborated megafunction instantiation "clock:inst2|74163:inst2"
Info: Elaborating entity "f74163" for hierarchy "clock:inst2|74163:inst2|f74163:sub"
Info: Elaborated megafunction instantiation "clock:inst2|74163:inst2|f74163:sub", which is child of megafunction instantiation "clock:inst2|74163:inst2"
Info: Elaborating entity "74163" for hierarchy "clock:inst2|74163:inst8"
Info: Elaborated megafunction instantiation "clock:inst2|74163:inst8"
Info: Elaborating entity "modulo_contador" for hierarchy "modulo_contador:inst9"
Info: Elaborating entity "contador_33" for hierarchy "modulo_contador:inst9|contador_33:SA"
Info: Elaborating entity "74192" for hierarchy "modulo_contador:inst9|contador_33:SA|74192:C2"
Info: Elaborated megafunction instantiation "modulo_contador:inst9|contador_33:SA|74192:C2"
Info: Elaborating entity "contador_99" for hierarchy "modulo_contador:inst9|contador_99:SG"
Info: Elaborating entity "modulo_debounce" for hierarchy "modulo_debounce:inst"
Info: Elaborating entity "debounce" for hierarchy "modulo_debounce:inst|debounce:A1"
Info: Elaborating entity "demultiplexador_8" for hierarchy "demultiplexador_8:inst15"
Info: Elaborating entity "modulo_seletor" for hierarchy "modulo_seletor:inst10"
Info: Elaborating entity "multiplexador_8" for hierarchy "modulo_seletor:inst10|multiplexador_8:inst3"
Info: Elaborating entity "seletor" for hierarchy "modulo_seletor:inst10|seletor:inst1"
Info: Elaborating entity "multiplexador_2" for hierarchy "modulo_seletor:inst10|seletor:inst1|multiplexador_2:inst1"
Info: Elaborating entity "registrador_6" for hierarchy "modulo_seletor:inst10|registrador_6:inst4"
Info: Elaborating entity "modulo_comparador" for hierarchy "modulo_seletor:inst10|modulo_comparador:inst"
Info: Elaborating entity "comparador" for hierarchy "modulo_seletor:inst10|modulo_comparador:inst|comparador:T2"
Info: Elaborating entity "7485" for hierarchy "modulo_seletor:inst10|modulo_comparador:inst|comparador:T2|7485:C2"
Info: Elaborated megafunction instantiation "modulo_seletor:inst10|modulo_comparador:inst|comparador:T2|7485:C2"
Info: Elaborating entity "f7485" for hierarchy "modulo_seletor:inst10|modulo_comparador:inst|comparador:T2|7485:C2|f7485:sub"
Info: Elaborated megafunction instantiation "modulo_seletor:inst10|modulo_comparador:inst|comparador:T2|7485:C2|f7485:sub", which is child of megafunction instantiation "modulo_seletor:inst10|modulo_comparador:inst|comparador:T2|7485:C2"
Info: Elaborating entity "7485" for hierarchy "modulo_seletor:inst10|modulo_comparador:inst|comparador:T2|7485:C1"
Info: Elaborated megafunction instantiation "modulo_seletor:inst10|modulo_comparador:inst|comparador:T2|7485:C1"
Info: Elaborating entity "registrador_8" for hierarchy "modulo_seletor:inst10|registrador_8:inst7"
Info: Elaborating entity "matriz" for hierarchy "matriz:inst12"
Info: Elaborating entity "lpm_rom3" for hierarchy "matriz:inst12|lpm_rom3:linha"
Info: Elaborating entity "lpm_rom" for hierarchy "matriz:inst12|lpm_rom3:linha|lpm_rom:lpm_rom_component"
Info: Elaborated megafunction instantiation "matriz:inst12|lpm_rom3:linha|lpm_rom:lpm_rom_component"
Info: Instantiated megafunction "matriz:inst12|lpm_rom3:linha|lpm_rom:lpm_rom_component" with the following parameter:
    Info: Parameter "intended_device_family" = "ACEX1K"
    Info: Parameter "lpm_address_control" = "REGISTERED"
    Info: Parameter "lpm_file" = "linha.mif"
    Info: Parameter "lpm_outdata" = "REGISTERED"
    Info: Parameter "lpm_type" = "LPM_ROM"
    Info: Parameter "lpm_width" = "7"
    Info: Parameter "lpm_widthad" = "3"
Info: Elaborating entity "altrom" for hierarchy "matriz:inst12|lpm_rom3:linha|lpm_rom:lpm_rom_component|altrom:srom"
Info: Elaborated megafunction instantiation "matriz:inst12|lpm_rom3:linha|lpm_rom:lpm_rom_component|altrom:srom", which is child of megafunction instantiation "matriz:inst12|lpm_rom3:linha|lpm_rom:lpm_rom_component"
Info: Elaborating entity "74163" for hierarchy "matriz:inst12|74163:c"
Info: Elaborated megafunction instantiation "matriz:inst12|74163:c"
Info: Elaborating entity "multiplexador_5" for hierarchy "matriz:inst12|multiplexador_5:m2"
Info: Elaborating entity "lpm_rom0" for hierarchy "matriz:inst12|lpm_rom0:letra_c"
Info: Elaborating entity "lpm_rom" for hierarchy "matriz:inst12|lpm_rom0:letra_c|lpm_rom:lpm_rom_component"
Info: Elaborated megafunction instantiation "matriz:inst12|lpm_rom0:letra_c|lpm_rom:lpm_rom_component"
Info: Instantiated megafunction "matriz:inst12|lpm_rom0:letra_c|lpm_rom:lpm_rom_component" with the following parameter:
    Info: Parameter "intended_device_family" = "ACEX1K"
    Info: Parameter "lpm_address_control" = "REGISTERED"
    Info: Parameter "lpm_file" = "letra_c.mif"
    Info: Parameter "lpm_outdata" = "REGISTERED"
    Info: Parameter "lpm_type" = "LPM_ROM"
    Info: Parameter "lpm_width" = "5"
    Info: Parameter "lpm_widthad" = "3"
Info: Elaborating entity "altrom" for hierarchy "matriz:inst12|lpm_rom0:letra_c|lpm_rom:lpm_rom_component|altrom:srom"
Info: Elaborated megafunction instantiation "matriz:inst12|lpm_rom0:letra_c|lpm_rom:lpm_rom_component|altrom:srom", which is child of megafunction instantiation "matriz:inst12|lpm_rom0:letra_c|lpm_rom:lpm_rom_component"
Info: Elaborating entity "lpm_rom1" for hierarchy "matriz:inst12|lpm_rom1:letra_a"
Info: Elaborating entity "lpm_rom" for hierarchy "matriz:inst12|lpm_rom1:letra_a|lpm_rom:lpm_rom_component"
Info: Elaborated megafunction instantiation "matriz:inst12|lpm_rom1:letra_a|lpm_rom:lpm_rom_component"
Info: Instantiated megafunction "matriz:inst12|lpm_rom1:letra_a|lpm_rom:lpm_rom_component" with the following parameter:
    Info: Parameter "intended_device_family" = "ACEX1K"
    Info: Parameter "lpm_address_control" = "REGISTERED"
    Info: Parameter "lpm_file" = "letra_a.mif"
    Info: Parameter "lpm_outdata" = "REGISTERED"
    Info: Parameter "lpm_type" = "LPM_ROM"
    Info: Parameter "lpm_width" = "5"
    Info: Parameter "lpm_widthad" = "3"
Info: Elaborating entity "altrom" for hierarchy "matriz:inst12|lpm_rom1:letra_a|lpm_rom:lpm_rom_component|altrom:srom"
Info: Elaborated megafunction instantiation "matriz:inst12|lpm_rom1:letra_a|lpm_rom:lpm_rom_component|altrom:srom", which is child of megafunction instantiation "matriz:inst12|lpm_rom1:letra_a|lpm_rom:lpm_rom_component"
Info: Elaborating entity "lpm_rom2" for hierarchy "matriz:inst12|lpm_rom2:letra_b"
Info: Elaborating entity "lpm_rom" for hierarchy "matriz:inst12|lpm_rom2:letra_b|lpm_rom:lpm_rom_component"
Info: Elaborated megafunction instantiation "matriz:inst12|lpm_rom2:letra_b|lpm_rom:lpm_rom_component"
Info: Instantiated megafunction "matriz:inst12|lpm_rom2:letra_b|lpm_rom:lpm_rom_component" with the following parameter:
    Info: Parameter "intended_device_family" = "ACEX1K"
    Info: Parameter "lpm_address_control" = "REGISTERED"
    Info: Parameter "lpm_file" = "letra_b.mif"
    Info: Parameter "lpm_outdata" = "REGISTERED"
    Info: Parameter "lpm_type" = "LPM_ROM"
    Info: Parameter "lpm_width" = "5"
    Info: Parameter "lpm_widthad" = "3"
Info: Elaborating entity "altrom" for hierarchy "matriz:inst12|lpm_rom2:letra_b|lpm_rom:lpm_rom_component|altrom:srom"
Info: Elaborated megafunction instantiation "matriz:inst12|lpm_rom2:letra_b|lpm_rom:lpm_rom_component|altrom:srom", which is child of megafunction instantiation "matriz:inst12|lpm_rom2:letra_b|lpm_rom:lpm_rom_component"
Warning: Always-enabled tri-state buffer(s) removed
    Warning: Converted the fanout from the always-enabled tri-state buffer "matriz:inst12|lpm_rom3:linha|lpm_rom:lpm_rom_component|otri[6]" to the node "X[6]" into a wire
    Warning: Converted the fanout from the always-enabled tri-state buffer "matriz:inst12|lpm_rom3:linha|lpm_rom:lpm_rom_component|otri[5]" to the node "X[5]" into a wire
    Warning: Converted the fanout from the always-enabled tri-state buffer "matriz:inst12|lpm_rom3:linha|lpm_rom:lpm_rom_component|otri[4]" to the node "X[4]" into a wire
    Warning: Converted the fanout from the always-enabled tri-state buffer "matriz:inst12|lpm_rom3:linha|lpm_rom:lpm_rom_component|otri[3]" to the node "X[3]" into a wire
    Warning: Converted the fanout from the always-enabled tri-state buffer "matriz:inst12|lpm_rom3:linha|lpm_rom:lpm_rom_component|otri[2]" to the node "X[2]" into a wire
    Warning: Converted the fanout from the always-enabled tri-state buffer "matriz:inst12|lpm_rom3:linha|lpm_rom:lpm_rom_component|otri[1]" to the node "X[1]" into a wire
    Warning: Converted the fanout from the always-enabled tri-state buffer "matriz:inst12|lpm_rom3:linha|lpm_rom:lpm_rom_component|otri[0]" to the node "X[0]" into a wire
    Warning: Converted the fanout from the always-enabled tri-state buffer "matriz:inst12|lpm_rom2:letra_b|lpm_rom:lpm_rom_component|otri[4]" to the node "matriz:inst12|multiplexador_5:m2|16" into a wire
    Warning: Converted the fanout from the always-enabled tri-state buffer "matriz:inst12|lpm_rom1:letra_a|lpm_rom:lpm_rom_component|otri[4]" to the node "matriz:inst12|multiplexador_5:m1|16" into a wire
    Warning: Converted the fanout from the always-enabled tri-state buffer "matriz:inst12|lpm_rom0:letra_c|lpm_rom:lpm_rom_component|otri[4]" to the node "matriz:inst12|multiplexador_5:m1|16" into a wire
    Warning: Converted the fanout from the always-enabled tri-state buffer "matriz:inst12|lpm_rom2:letra_b|lpm_rom:lpm_rom_component|otri[3]" to the node "matriz:inst12|multiplexador_5:m2|15" into a wire
    Warning: Converted the fanout from the always-enabled tri-state buffer "matriz:inst12|lpm_rom1:letra_a|lpm_rom:lpm_rom_component|otri[3]" to the node "matriz:inst12|multiplexador_5:m1|15" into a wire
    Warning: Converted the fanout from the always-enabled tri-state buffer "matriz:inst12|lpm_rom0:letra_c|lpm_rom:lpm_rom_component|otri[3]" to the node "matriz:inst12|multiplexador_5:m1|15" into a wire
    Warning: Converted the fanout from the always-enabled tri-state buffer "matriz:inst12|lpm_rom2:letra_b|lpm_rom:lpm_rom_component|otri[2]" to the node "matriz:inst12|multiplexador_5:m2|14" into a wire
    Warning: Converted the fanout from the always-enabled tri-state buffer "matriz:inst12|lpm_rom1:letra_a|lpm_rom:lpm_rom_component|otri[2]" to the node "matriz:inst12|multiplexador_5:m1|14" into a wire
    Warning: Converted the fanout from the always-enabled tri-state buffer "matriz:inst12|lpm_rom0:letra_c|lpm_rom:lpm_rom_component|otri[2]" to the node "matriz:inst12|multiplexador_5:m1|14" into a wire
    Warning: Converted the fanout from the always-enabled tri-state buffer "matriz:inst12|lpm_rom2:letra_b|lpm_rom:lpm_rom_component|otri[1]" to the node "matriz:inst12|multiplexador_5:m2|13" into a wire
    Warning: Converted the fanout from the always-enabled tri-state buffer "matriz:inst12|lpm_rom1:letra_a|lpm_rom:lpm_rom_component|otri[1]" to the node "matriz:inst12|multiplexador_5:m1|13" into a wire
    Warning: Converted the fanout from the always-enabled tri-state buffer "matriz:inst12|lpm_rom0:letra_c|lpm_rom:lpm_rom_component|otri[1]" to the node "matriz:inst12|multiplexador_5:m1|13" into a wire
    Warning: Converted the fanout from the always-enabled tri-state buffer "matriz:inst12|lpm_rom2:letra_b|lpm_rom:lpm_rom_component|otri[0]" to the node "matriz:inst12|multiplexador_5:m2|12" into a wire
    Warning: Converted the fanout from the always-enabled tri-state buffer "matriz:inst12|lpm_rom1:letra_a|lpm_rom:lpm_rom_component|otri[0]" to the node "matriz:inst12|multiplexador_5:m1|12" into a wire
    Warning: Converted the fanout from the always-enabled tri-state buffer "matriz:inst12|lpm_rom0:letra_c|lpm_rom:lpm_rom_component|otri[0]" to the node "matriz:inst12|multiplexador_5:m1|12" into a wire
Info: Registers with preset signals will power-up high
Info: Converted 8 single input CARRY primitives to CARRY_SUM primitives
Info: Implemented 362 device resources after synthesis - the final resource count might be different
    Info: Implemented 7 input pins
    Info: Implemented 23 output pins
    Info: Implemented 310 logic cells
    Info: Implemented 22 RAM segments
Info: Quartus II Analysis & Synthesis was successful. 0 errors, 23 warnings
    Info: Peak virtual memory: 186 megabytes
    Info: Processing ended: Tue Nov 28 08:30:26 2017
    Info: Elapsed time: 00:00:05
    Info: Total CPU time (on all processors): 00:00:05


